node.exe : C:\Users\
asati\OneDrive\Deskt
op\CODE Visualizer\b
ackend\node_modules\
ts-node\src\index.ts
:859
At C:\Program Files\
nodejs\npx.ps1:29 
char:3
+   & $NODE_EXE 
$NPX_CLI_JS $args
+   ~~~~~~~~~~~~~~~~
~~~~~~~~~~~~~
    + CategoryInfo  
            : NotS  
  pecified: (C:\U   
 sers\asati\...r    
c\index.ts:859:    
String) [], Rem    
oteException
    + FullyQualifie 
   dErrorId : Nati  
  veCommandError
 
    return new TSErr
or(diagnosticText, 
diagnosticCodes, 
diagnostics);
           ^
TSError: Γ¿» Unable 
to compile 
TypeScript:
src/languages/cpp/ex
ecutor.ts(83,56): 
error TS2345: 
Argument of type 
'"definition"' is 
not assignable to 
parameter of type 
'"assignment" | 
"comparison" | 
"function_call" | 
"return" | "loop" | 
"condition" | 
"init"'.

    at 
createTSError (C:\Us
ers\asati\OneDrive\D
esktop\CODE Visualiz
er\backend\node_modu
les\ts-node\src\inde
x.ts:859:12)
    at 
reportTSError (C:\Us
ers\asati\OneDrive\D
esktop\CODE Visualiz
er\backend\node_modu
les\ts-node\src\inde
x.ts:863:19)
    at getOutput (C:
\Users\asati\OneDriv
e\Desktop\CODE Visua
lizer\backend\node_m
odules\ts-node\src\i
ndex.ts:1077:36)
    at 
Object.compile (C:\U
sers\asati\OneDrive\
Desktop\CODE Visuali
zer\backend\node_mod
ules\ts-node\src\ind
ex.ts:1433:41)
    at 
Module.m._compile (C
:\Users\asati\OneDri
ve\Desktop\CODE Visu
alizer\backend\node_
modules\ts-node\src\
index.ts:1617:30)
    at node:internal
/modules/cjs/loader:
1895:10
    at Object.requir
e.extensions.<comput
ed> [as .ts] (C:\Use
rs\asati\OneDrive\De
sktop\CODE Visualize
r\backend\node_modul
es\ts-node\src\index
.ts:1621:12)
    at Module.load (
node:internal/module
s/cjs/loader:1465:32
)
    at 
Function._load (node
:internal/modules/cj
s/loader:1282:12)
    at TracingChanne
l.traceSync (node:di
agnostics_channel:32
2:14) {
  diagnosticCodes: 
[ 2345 ]
}
